#-----------------------------------------------------------
# Vivado v2017.4 (64-bit)
# SW Build 2086221 on Fri Dec 15 20:55:39 MST 2017
# IP Build 2085800 on Fri Dec 15 22:25:07 MST 2017
# Start of session at: Tue Mar 27 19:19:58 2018
# Process ID: 5648
# Current directory: C:/Users/thomm/Documents/GitHub/WG2018_HelloWaveGen
# Command line: vivado.exe -gui_launcher_event rodinguilauncherevent10372 C:\Users\thomm\Documents\GitHub\WG2018_HelloWaveGen\Hello_World3.xpr
# Log file: C:/Users/thomm/Documents/GitHub/WG2018_HelloWaveGen/vivado.log
# Journal file: C:/Users/thomm/Documents/GitHub/WG2018_HelloWaveGen\vivado.jou
#-----------------------------------------------------------
start_gui
open_project C:/Users/thomm/Documents/GitHub/WG2018_HelloWaveGen/Hello_World3.xpr
update_compile_order -fileset sources_1
launch_sdk -workspace C:/Users/thomm/Documents/GitHub/WG2018_HelloWaveGen/Hello_World3.sdk -hwspec C:/Users/thomm/Documents/GitHub/WG2018_HelloWaveGen/Hello_World3.sdk/design_1_wrapper.hdf
